ExBudget {exBudgetCPU = ExCPU 39963019, exBudgetMemory = ExMemory 129420}