ExBudget {exBudgetCPU = ExCPU 39875279, exBudgetMemory = ExMemory 129420}