ExBudget {exBudgetCPU = ExCPU 33800298, exBudgetMemory = ExMemory 94730}