ExBudget {exBudgetCPU = ExCPU 39635516, exBudgetMemory = ExMemory 128320}