ExBudget {exBudgetCPU = ExCPU 34246122, exBudgetMemory = ExMemory 108520}