(Right (program
  0.1.0
  (lam
    x_i0
    (all a_i0 (type) (fun a_i1 (fun a_i1 a_i1)))
    [
      [
        [
          {
            (abs
              b_i0
              (type)
              (lam
                x_i0
                (all a_i0 (type) (fun a_i1 (fun a_i1 a_i1)))
                (lam t_i0 b_i3 (lam f_i0 b_i4 [ [ { x_i3 b_i4 } t_i2 ] f_i1 ]))
              )
            )
            (all a_i0 (type) (fun a_i1 (fun a_i1 a_i1)))
          }
          x_i1
        ]
        (abs a_i0 (type) (lam x_i0 a_i2 (lam y_i0 a_i3 y_i1)))
      ]
      (abs a_i0 (type) (lam t_i0 a_i2 (lam f_i0 a_i3 t_i2)))
    ]
  )
))